// Jest Snapshot v1, https://goo.gl/fbAQLP

exports[`#components/Widgets/SelectMulti Tests Snapshot 1`] = `
<SelectMulti
  id="test"
  selectedValue={[]}
  values={
    [
      {
        "label": "test",
        "value": "test",
      },
    ]
  }
/>
`;

exports[`#components/Widgets/SelectMulti Tests Snapshot 2`] = `
<SelectMulti
  id="test"
  selectedValue={[]}
  values={
    [
      {
        "label": "test",
        "value": "test",
      },
    ]
  }
/>
`;
