// Jest Snapshot v1, https://goo.gl/fbAQLP

exports[`#components/Widgets/SelectMulti Tests Snapshot 1`] = `
<SelectMulti
  id="test"
  selectedValue={[]}
  values={
    [
      {
        "label": "Retail",
        "value": "test",
      },
      {
        "label": "Priority",
        "value": "another",
      },
      {
        "label": "Enterprise",
        "value": "third",
      },
      {
        "label": "Wholesale",
        "value": "fourth",
      },
    ]
  }
/>
`;

exports[`#components/Widgets/SelectMulti Tests Snapshot 2`] = `
<SelectMulti
  id="test"
  selectedValue={[]}
  values={
    [
      {
        "label": "Retail",
        "value": "test",
      },
      {
        "label": "Priority",
        "value": "another",
      },
      {
        "label": "Enterprise",
        "value": "third",
      },
      {
        "label": "Wholesale",
        "value": "fourth",
      },
    ]
  }
/>
`;
