// Jest Snapshot v1, https://goo.gl/fbAQLP

exports[`#components/Widgets/OperatorSelect Tests Snapshot 1`] = `
<Component
  id="test-1"
  values={
    Array [
      Object {
        "label": "Test",
        "value": "BETWEEN",
      },
      Object {
        "label": "Test",
        "value": "ALL_IN",
      },
      Object {
        "label": "Test",
        "value": "ANY_IN",
      },
    ]
  }
/>
`;

exports[`#components/Widgets/OperatorSelect Tests Snapshot 2`] = `
<Component
  id="test-1"
  values={
    Array [
      Object {
        "label": "Test",
        "value": "BETWEEN",
      },
      Object {
        "label": "Test",
        "value": "ALL_IN",
      },
      Object {
        "label": "Test",
        "value": "ANY_IN",
      },
    ]
  }
/>
`;
