// Jest Snapshot v1, https://goo.gl/fbAQLP

exports[`#components/SelectMulti Tests Snapshot 1`] = `
<styled.div>
  <Component
    disabled={false}
    onChange={[MockFunction]}
    selectedValue=""
    values={
      Array [
        Object {
          "label": "test",
          "value": "test",
        },
      ]
    }
  />
  <styled.div>
    <styled.span
      key="0"
    >
      test
       
      <styled.span
        data-test="Delete"
        disabled={false}
        onClick={[Function]}
      >
        [x]
      </styled.span>
    </styled.span>
  </styled.div>
</styled.div>
`;
