// Jest Snapshot v1, https://goo.gl/fbAQLP

exports[`#components/Widgets/Select Tests Snapshot 1`] = `
<Select
  id="test"
  selectedValue=""
  values={
    [
      {
        "label": "test",
        "value": "test",
      },
    ]
  }
/>
`;

exports[`#components/Widgets/Select Tests Snapshot 2`] = `
<Select
  id="test"
  selectedValue=""
  values={
    [
      {
        "label": "test",
        "value": "test",
      },
    ]
  }
/>
`;
